({
  "foo": {
    paddingTop: "0px !important"
  }
});
